// Jest Snapshot v1, https://goo.gl/fbAQLP

exports[`Recipe Details should render correctly 1`] = `
<div
  className="recipes-details-main-container"
>
  <header
    className="app-header"
  >
    <div
      className="header-main-container d-flex flex-center"
    >
      <div
        className="header-wrapper flex-unit d-flex"
      >
        <div
          className="hero-area d-flex flex-center flex-column"
        >
          <h1
            className="hero-text"
          >
            undefined üë®‚Äçüç≥ üçΩÔ∏è
            <br />
            From: undefined
          </h1>
          <p
            className="hero-paragraph"
          >
            Lorem ipsum dolor sit amet, consectetur adipisicing elit. Voluptate quae nesciunt porro maiores quod aliquam vero dicta animi ipsa assumenda.
          </p>
          <a
            className="how-they-work d-flex flex-center"
            href="/"
            onClick={[Function]}
          >
            How they work
            <svg
              className="hero-arrow-icon"
              fill="currentColor"
              height="1em"
              stroke="currentColor"
              strokeWidth="0"
              style={
                Object {
                  "color": undefined,
                }
              }
              viewBox="0 0 16 16"
              width="1em"
              xmlns="http://www.w3.org/2000/svg"
            >
              <path
                clipRule="evenodd"
                d="M10.146 4.646a.5.5 0 01.708 0l3 3a.5.5 0 010 .708l-3 3a.5.5 0 01-.708-.708L12.793 8l-2.647-2.646a.5.5 0 010-.708z"
                fillRule="evenodd"
              />
              <path
                clipRule="evenodd"
                d="M2 8a.5.5 0 01.5-.5H13a.5.5 0 010 1H2.5A.5.5 0 012 8z"
                fillRule="evenodd"
              />
            </svg>
          </a>
        </div>
        <div
          className="hero-image-wrapper"
        >
          <img
            alt="hiro"
            className="hiro-image"
            src="cooker2.png"
          />
        </div>
      </div>
    </div>
  </header>
  <div
    className="recipe-details-content-wrapper d-flex flex-unit"
  >
    <div
      className="recipe-image-details"
    >
      <div
        className="recipe-image-wrapper"
      >
        <img
          alt="recipe"
        />
      </div>
      <div
        className="recipe-ingredients"
      >
        <h1>
          Ingredients
        </h1>
        <ul
          className="ingredients-list"
        />
      </div>
    </div>
    <div
      className="recipe-instructions-details"
    >
      <h1>
        Instructions
      </h1>
      <p />
      <div
        className="imbeded-video-wrapper"
      >
        <iframe
          allow="accelerometer; autoplay; clipboard-write; encrypted-media; gyroscope; picture-in-picture"
          allowFullScreen={true}
          frameBorder="0"
          src="https://www.youtube.com/embed/undefined"
          title="YouTube video player"
        />
      </div>
    </div>
  </div>
</div>
`;
